190.152.207.78 - - [04/Jun/2019:22:16:47 -0500] "POST /admin/themes/antimatter HTTP/1.1" 200 39456 "https://thebrayanmina.com/admin/themes/antimatter" "Mozilla/5.0 (Windows NT 10.0; Win64; x64) AppleWebKit/537.36 (KHTML, like Gecko) Chrome/74.0.3729.169 Safari/537.36"
190.152.207.78 - - [04/Jun/2019:22:16:47 -0500] "GET /user/plugins/markdown-notices/assets/notices.css?c8df40a73c HTTP/1.1" 200 719 "https://thebrayanmina.com/admin/themes/antimatter" "Mozilla/5.0 (Windows NT 10.0; Win64; x64) AppleWebKit/537.36 (KHTML, like Gecko) Chrome/74.0.3729.169 Safari/537.36"
190.152.207.78 - - [04/Jun/2019:22:16:48 -0500] "GET /user/plugins/admin/themes/grav/css/codemirror/codemirror.css?c8df40a73c HTTP/1.1" 200 2851 "https://thebrayanmina.com/admin/themes/antimatter" "Mozilla/5.0 (Windows NT 10.0; Win64; x64) AppleWebKit/537.36 (KHTML, like Gecko) Chrome/74.0.3729.169 Safari/537.36"
190.152.207.78 - - [04/Jun/2019:22:16:48 -0500] "GET /user/plugins/admin/themes/grav/css-compiled/nucleus.css?c8df40a73c HTTP/1.1" 200 2729 "https://thebrayanmina.com/admin/themes/antimatter" "Mozilla/5.0 (Windows NT 10.0; Win64; x64) AppleWebKit/537.36 (KHTML, like Gecko) Chrome/74.0.3729.169 Safari/537.36"
190.152.207.78 - - [04/Jun/2019:22:16:48 -0500] "GET /user/plugins/admin/themes/grav/css-compiled/preset.css?c8df40a73c HTTP/1.1" 200 5476 "https://thebrayanmina.com/admin/themes/antimatter" "Mozilla/5.0 (Windows NT 10.0; Win64; x64) AppleWebKit/537.36 (KHTML, like Gecko) Chrome/74.0.3729.169 Safari/537.36"
190.152.207.78 - - [04/Jun/2019:22:16:48 -0500] "GET /user/plugins/admin/themes/grav/css-compiled/fonts.css?c8df40a73c HTTP/1.1" 200 875 "https://thebrayanmina.com/admin/themes/antimatter" "Mozilla/5.0 (Windows NT 10.0; Win64; x64) AppleWebKit/537.36 (KHTML, like Gecko) Chrome/74.0.3729.169 Safari/537.36"
190.152.207.78 - - [04/Jun/2019:22:16:48 -0500] "GET /user/plugins/admin/themes/grav/css/font-awesome.min.css?c8df40a73c HTTP/1.1" 200 7602 "https://thebrayanmina.com/admin/themes/antimatter" "Mozilla/5.0 (Windows NT 10.0; Win64; x64) AppleWebKit/537.36 (KHTML, like Gecko) Chrome/74.0.3729.169 Safari/537.36"
190.152.207.78 - - [04/Jun/2019:22:16:48 -0500] "GET /user/plugins/admin/themes/grav/css/chartist.min.css?c8df40a73c HTTP/1.1" 200 1859 "https://thebrayanmina.com/admin/themes/antimatter" "Mozilla/5.0 (Windows NT 10.0; Win64; x64) AppleWebKit/537.36 (KHTML, like Gecko) Chrome/74.0.3729.169 Safari/537.36"
190.152.207.78 - - [04/Jun/2019:22:16:48 -0500] "GET /user/plugins/admin/themes/grav/css/selectize.min.css?c8df40a73c HTTP/1.1" 200 1870 "https://thebrayanmina.com/admin/themes/antimatter" "Mozilla/5.0 (Windows NT 10.0; Win64; x64) AppleWebKit/537.36 (KHTML, like Gecko) Chrome/74.0.3729.169 Safari/537.36"
190.152.207.78 - - [04/Jun/2019:22:16:48 -0500] "GET /user/plugins/admin/themes/grav/css/hint.base.min.css?c8df40a73c HTTP/1.1" 200 1278 "https://thebrayanmina.com/admin/themes/antimatter" "Mozilla/5.0 (Windows NT 10.0; Win64; x64) AppleWebKit/537.36 (KHTML, like Gecko) Chrome/74.0.3729.169 Safari/537.36"
190.152.207.78 - - [04/Jun/2019:22:16:48 -0500] "GET /user/plugins/admin/themes/grav/css/iconpicker.css?c8df40a73c HTTP/1.1" 200 1537 "https://thebrayanmina.com/admin/themes/antimatter" "Mozilla/5.0 (Windows NT 10.0; Win64; x64) AppleWebKit/537.36 (KHTML, like Gecko) Chrome/74.0.3729.169 Safari/537.36"
190.152.207.78 - - [04/Jun/2019:22:16:48 -0500] "GET /user/plugins/admin/themes/grav/css-compiled/template.css?c8df40a73c HTTP/1.1" 200 101471 "https://thebrayanmina.com/admin/themes/antimatter" "Mozilla/5.0 (Windows NT 10.0; Win64; x64) AppleWebKit/537.36 (KHTML, like Gecko) Chrome/74.0.3729.169 Safari/537.36"
190.152.207.78 - - [04/Jun/2019:22:16:48 -0500] "GET /system/assets/jquery/jquery-2.x.min.js?c8df40a73c HTTP/1.1" 200 30301 "https://thebrayanmina.com/admin/themes/antimatter" "Mozilla/5.0 (Windows NT 10.0; Win64; x64) AppleWebKit/537.36 (KHTML, like Gecko) Chrome/74.0.3729.169 Safari/537.36"
190.152.207.78 - - [04/Jun/2019:22:16:48 -0500] "GET /user/plugins/admin/themes/grav/js/admin.min.js?c8df40a73c HTTP/1.1" 200 144594 "https://thebrayanmina.com/admin/themes/antimatter" "Mozilla/5.0 (Windows NT 10.0; Win64; x64) AppleWebKit/537.36 (KHTML, like Gecko) Chrome/74.0.3729.169 Safari/537.36"
190.152.207.78 - - [04/Jun/2019:22:16:48 -0500] "GET /user/plugins/admin/themes/grav/js/vendor.min.js?c8df40a73c HTTP/1.1" 200 243548 "https://thebrayanmina.com/admin/themes/antimatter" "Mozilla/5.0 (Windows NT 10.0; Win64; x64) AppleWebKit/537.36 (KHTML, like Gecko) Chrome/74.0.3729.169 Safari/537.36"
190.152.207.78 - - [04/Jun/2019:22:16:49 -0500] "POST /admin/notifications.json/task:getNotifications HTTP/1.1" 200 534 "https://thebrayanmina.com/admin/themes/antimatter" "Mozilla/5.0 (Windows NT 10.0; Win64; x64) AppleWebKit/537.36 (KHTML, like Gecko) Chrome/74.0.3729.169 Safari/537.36"
190.152.207.78 - - [04/Jun/2019:22:16:50 -0500] "POST /admin/notifications.json/task:processNotifications HTTP/1.1" 200 2904 "https://thebrayanmina.com/admin/themes/antimatter" "Mozilla/5.0 (Windows NT 10.0; Win64; x64) AppleWebKit/537.36 (KHTML, like Gecko) Chrome/74.0.3729.169 Safari/537.36"
190.152.207.78 - - [04/Jun/2019:22:16:49 -0500] "POST /admin/update.json/task:getUpdates HTTP/1.1" 200 487594 "https://thebrayanmina.com/admin/themes/antimatter" "Mozilla/5.0 (Windows NT 10.0; Win64; x64) AppleWebKit/537.36 (KHTML, like Gecko) Chrome/74.0.3729.169 Safari/537.36"
127.0.0.1 - - [04/Jun/2019:22:16:55 -0500] "OPTIONS * HTTP/1.0" 200 126 "-" "Apache/2.4.29 (Ubuntu) OpenSSL/1.1.0g (internal dummy connection)"
190.152.207.78 - - [04/Jun/2019:22:17:09 -0500] "GET / HTTP/1.1" 200 6836 "-" "Mozilla/5.0 (Windows NT 10.0; Win64; x64) AppleWebKit/537.36 (KHTML, like Gecko) Chrome/74.0.3729.169 Safari/537.36"
52.209.30.187 - - [04/Jun/2019:22:17:19 -0500] "GET / HTTP/1.1" 200 9921 "-" "Mozilla/5.0+(compatible; Cula/2.0; https://cula.io/)"
190.152.207.78 - - [04/Jun/2019:22:18:01 -0500] "-" 408 0 "-" "-"
190.152.207.78 - - [04/Jun/2019:22:18:01 -0500] "-" 408 0 "-" "-"
52.209.30.187 - - [04/Jun/2019:22:19:19 -0500] "GET / HTTP/1.1" 200 9917 "-" "Mozilla/5.0+(compatible; Cula/2.0; https://cula.io/)"
190.152.207.78 - - [04/Jun/2019:22:20:03 -0500] "GET /admin/plugins HTTP/1.1" 200 51477 "https://thebrayanmina.com/admin/themes/antimatter" "Mozilla/5.0 (Windows NT 10.0; Win64; x64) AppleWebKit/537.36 (KHTML, like Gecko) Chrome/74.0.3729.169 Safari/537.36"
190.152.207.78 - - [04/Jun/2019:22:20:05 -0500] "POST /admin/notifications.json/task:getNotifications HTTP/1.1" 200 3769 "https://thebrayanmina.com/admin/plugins" "Mozilla/5.0 (Windows NT 10.0; Win64; x64) AppleWebKit/537.36 (KHTML, like Gecko) Chrome/74.0.3729.169 Safari/537.36"
190.152.207.78 - - [04/Jun/2019:22:20:06 -0500] "POST /admin/notifications.json/task:processNotifications HTTP/1.1" 200 3052 "https://thebrayanmina.com/admin/plugins" "Mozilla/5.0 (Windows NT 10.0; Win64; x64) AppleWebKit/537.36 (KHTML, like Gecko) Chrome/74.0.3729.169 Safari/537.36"
190.152.207.78 - - [04/Jun/2019:22:20:05 -0500] "POST /admin/update.json/task:getUpdates HTTP/1.1" 200 487742 "https://thebrayanmina.com/admin/plugins" "Mozilla/5.0 (Windows NT 10.0; Win64; x64) AppleWebKit/537.36 (KHTML, like Gecko) Chrome/74.0.3729.169 Safari/537.36"
190.152.207.78 - - [04/Jun/2019:22:21:02 -0500] "GET /admin/themes HTTP/1.1" 200 33326 "https://thebrayanmina.com/admin/plugins" "Mozilla/5.0 (Windows NT 10.0; Win64; x64) AppleWebKit/537.36 (KHTML, like Gecko) Chrome/74.0.3729.169 Safari/537.36"
190.152.207.78 - - [04/Jun/2019:22:21:02 -0500] "GET /system/assets/jquery/jquery-2.x.min.js?c8df40a73c HTTP/1.1" 200 30450 "https://thebrayanmina.com/admin/themes" "Mozilla/5.0 (Windows NT 10.0; Win64; x64) AppleWebKit/537.36 (KHTML, like Gecko) Chrome/74.0.3729.169 Safari/537.36"
190.152.207.78 - - [04/Jun/2019:22:21:03 -0500] "POST /admin/notifications.json/task:getNotifications HTTP/1.1" 200 534 "https://thebrayanmina.com/admin/themes" "Mozilla/5.0 (Windows NT 10.0; Win64; x64) AppleWebKit/537.36 (KHTML, like Gecko) Chrome/74.0.3729.169 Safari/537.36"
190.152.207.78 - - [04/Jun/2019:22:21:03 -0500] "POST /admin/notifications.json/task:processNotifications HTTP/1.1" 200 3052 "https://thebrayanmina.com/admin/themes" "Mozilla/5.0 (Windows NT 10.0; Win64; x64) AppleWebKit/537.36 (KHTML, like Gecko) Chrome/74.0.3729.169 Safari/537.36"
190.152.207.78 - - [04/Jun/2019:22:21:03 -0500] "POST /admin/update.json/task:getUpdates HTTP/1.1" 200 487742 "https://thebrayanmina.com/admin/themes" "Mozilla/5.0 (Windows NT 10.0; Win64; x64) AppleWebKit/537.36 (KHTML, like Gecko) Chrome/74.0.3729.169 Safari/537.36"
190.152.207.78 - - [04/Jun/2019:22:21:12 -0500] "GET /admin/themes/antimatter HTTP/1.1" 200 39389 "https://thebrayanmina.com/admin/themes" "Mozilla/5.0 (Windows NT 10.0; Win64; x64) AppleWebKit/537.36 (KHTML, like Gecko) Chrome/74.0.3729.169 Safari/537.36"
190.152.207.78 - - [04/Jun/2019:22:21:12 -0500] "POST /admin/notifications.json/task:getNotifications HTTP/1.1" 200 682 "https://thebrayanmina.com/admin/themes/antimatter" "Mozilla/5.0 (Windows NT 10.0; Win64; x64) AppleWebKit/537.36 (KHTML, like Gecko) Chrome/74.0.3729.169 Safari/537.36"
190.152.207.78 - - [04/Jun/2019:22:21:13 -0500] "POST /admin/notifications.json/task:processNotifications HTTP/1.1" 200 3052 "https://thebrayanmina.com/admin/themes/antimatter" "Mozilla/5.0 (Windows NT 10.0; Win64; x64) AppleWebKit/537.36 (KHTML, like Gecko) Chrome/74.0.3729.169 Safari/537.36"
190.152.207.78 - - [04/Jun/2019:22:21:13 -0500] "POST /admin/update.json/task:getUpdates HTTP/1.1" 200 487742 "https://thebrayanmina.com/admin/themes/antimatter" "Mozilla/5.0 (Windows NT 10.0; Win64; x64) AppleWebKit/537.36 (KHTML, like Gecko) Chrome/74.0.3729.169 Safari/537.36"
52.209.30.187 - - [04/Jun/2019:22:21:21 -0500] "GET / HTTP/1.1" 200 6996 "-" "Mozilla/5.0+(compatible; Cula/2.0; https://cula.io/)"
190.152.207.78 - - [04/Jun/2019:22:23:17 -0500] "GET /admin/pages HTTP/1.1" 200 51673 "https://thebrayanmina.com/admin/themes/antimatter" "Mozilla/5.0 (Windows NT 10.0; Win64; x64) AppleWebKit/537.36 (KHTML, like Gecko) Chrome/74.0.3729.169 Safari/537.36"
190.152.207.78 - - [04/Jun/2019:22:23:18 -0500] "POST /admin/notifications.json/task:getNotifications HTTP/1.1" 200 682 "https://thebrayanmina.com/admin/pages" "Mozilla/5.0 (Windows NT 10.0; Win64; x64) AppleWebKit/537.36 (KHTML, like Gecko) Chrome/74.0.3729.169 Safari/537.36"
190.152.207.78 - - [04/Jun/2019:22:23:18 -0500] "POST /admin/notifications.json/task:processNotifications HTTP/1.1" 200 3052 "https://thebrayanmina.com/admin/pages" "Mozilla/5.0 (Windows NT 10.0; Win64; x64) AppleWebKit/537.36 (KHTML, like Gecko) Chrome/74.0.3729.169 Safari/537.36"
190.152.207.78 - - [04/Jun/2019:22:23:18 -0500] "POST /admin/update.json/task:getUpdates HTTP/1.1" 200 487742 "https://thebrayanmina.com/admin/pages" "Mozilla/5.0 (Windows NT 10.0; Win64; x64) AppleWebKit/537.36 (KHTML, like Gecko) Chrome/74.0.3729.169 Safari/537.36"
52.209.30.187 - - [04/Jun/2019:22:23:20 -0500] "GET / HTTP/1.1" 200 6996 "-" "Mozilla/5.0+(compatible; Cula/2.0; https://cula.io/)"
190.152.207.78 - - [04/Jun/2019:22:25:03 -0500] "POST /admin/pages HTTP/1.1" 200 10314 "https://thebrayanmina.com/admin/pages" "Mozilla/5.0 (Windows NT 10.0; Win64; x64) AppleWebKit/537.36 (KHTML, like Gecko) Chrome/74.0.3729.169 Safari/537.36"
52.209.30.187 - - [04/Jun/2019:22:25:21 -0500] "GET / HTTP/1.1" 200 9921 "-" "Mozilla/5.0+(compatible; Cula/2.0; https://cula.io/)"
190.152.207.78 - - [04/Jun/2019:22:26:33 -0500] "POST /admin HTTP/1.1" 200 13395 "https://thebrayanmina.com/admin/pages" "Mozilla/5.0 (Windows NT 10.0; Win64; x64) AppleWebKit/537.36 (KHTML, like Gecko) Chrome/74.0.3729.169 Safari/537.36"
190.152.207.78 - - [04/Jun/2019:22:26:33 -0500] "GET /system/assets/jquery/jquery-2.x.min.js?c8df40a73c HTTP/1.1" 200 33537 "https://thebrayanmina.com/admin" "Mozilla/5.0 (Windows NT 10.0; Win64; x64) AppleWebKit/537.36 (KHTML, like Gecko) Chrome/74.0.3729.169 Safari/537.36"
190.152.207.78 - - [04/Jun/2019:22:26:45 -0500] "POST /admin HTTP/1.1" 302 664 "https://thebrayanmina.com/admin" "Mozilla/5.0 (Windows NT 10.0; Win64; x64) AppleWebKit/537.36 (KHTML, like Gecko) Chrome/74.0.3729.169 Safari/537.36"
190.152.207.78 - - [04/Jun/2019:22:26:45 -0500] "GET /admin HTTP/1.1" 200 33359 "https://thebrayanmina.com/admin" "Mozilla/5.0 (Windows NT 10.0; Win64; x64) AppleWebKit/537.36 (KHTML, like Gecko) Chrome/74.0.3729.169 Safari/537.36"
190.152.207.78 - - [04/Jun/2019:22:26:46 -0500] "POST /admin/notifications.json/task:getNotifications HTTP/1.1" 200 682 "https://thebrayanmina.com/admin" "Mozilla/5.0 (Windows NT 10.0; Win64; x64) AppleWebKit/537.36 (KHTML, like Gecko) Chrome/74.0.3729.169 Safari/537.36"
190.152.207.78 - - [04/Jun/2019:22:26:46 -0500] "POST /admin/ajax.json/task:getnewsfeed HTTP/1.1" 200 3231 "https://thebrayanmina.com/admin" "Mozilla/5.0 (Windows NT 10.0; Win64; x64) AppleWebKit/537.36 (KHTML, like Gecko) Chrome/74.0.3729.169 Safari/537.36"
190.152.207.78 - - [04/Jun/2019:22:26:47 -0500] "POST /admin/notifications.json/task:processNotifications HTTP/1.1" 200 3052 "https://thebrayanmina.com/admin" "Mozilla/5.0 (Windows NT 10.0; Win64; x64) AppleWebKit/537.36 (KHTML, like Gecko) Chrome/74.0.3729.169 Safari/537.36"
190.152.207.78 - - [04/Jun/2019:22:26:46 -0500] "POST /admin/update.json/task:getUpdates HTTP/1.1" 200 487742 "https://thebrayanmina.com/admin" "Mozilla/5.0 (Windows NT 10.0; Win64; x64) AppleWebKit/537.36 (KHTML, like Gecko) Chrome/74.0.3729.169 Safari/537.36"
190.152.207.78 - - [04/Jun/2019:22:26:49 -0500] "GET /admin/pages HTTP/1.1" 200 51673 "https://thebrayanmina.com/admin" "Mozilla/5.0 (Windows NT 10.0; Win64; x64) AppleWebKit/537.36 (KHTML, like Gecko) Chrome/74.0.3729.169 Safari/537.36"
190.152.207.78 - - [04/Jun/2019:22:26:49 -0500] "POST /admin/notifications.json/task:getNotifications HTTP/1.1" 200 682 "https://thebrayanmina.com/admin/pages" "Mozilla/5.0 (Windows NT 10.0; Win64; x64) AppleWebKit/537.36 (KHTML, like Gecko) Chrome/74.0.3729.169 Safari/537.36"
190.152.207.78 - - [04/Jun/2019:22:26:51 -0500] "POST /admin/notifications.json/task:processNotifications HTTP/1.1" 200 3052 "https://thebrayanmina.com/admin/pages" "Mozilla/5.0 (Windows NT 10.0; Win64; x64) AppleWebKit/537.36 (KHTML, like Gecko) Chrome/74.0.3729.169 Safari/537.36"
190.152.207.78 - - [04/Jun/2019:22:26:50 -0500] "POST /admin/update.json/task:getUpdates HTTP/1.1" 200 487742 "https://thebrayanmina.com/admin/pages" "Mozilla/5.0 (Windows NT 10.0; Win64; x64) AppleWebKit/537.36 (KHTML, like Gecko) Chrome/74.0.3729.169 Safari/537.36"
190.152.207.78 - - [04/Jun/2019:22:27:01 -0500] "POST /admin/pages HTTP/1.1" 303 686 "https://thebrayanmina.com/admin/pages" "Mozilla/5.0 (Windows NT 10.0; Win64; x64) AppleWebKit/537.36 (KHTML, like Gecko) Chrome/74.0.3729.169 Safari/537.36"
190.152.207.78 - - [04/Jun/2019:22:27:01 -0500] "GET /admin/pages/directorios HTTP/1.1" 200 127498 "https://thebrayanmina.com/admin/pages" "Mozilla/5.0 (Windows NT 10.0; Win64; x64) AppleWebKit/537.36 (KHTML, like Gecko) Chrome/74.0.3729.169 Safari/537.36"
190.152.207.78 - - [04/Jun/2019:22:27:02 -0500] "POST /admin/notifications.json/task:getNotifications HTTP/1.1" 200 682 "https://thebrayanmina.com/admin/pages/directorios" "Mozilla/5.0 (Windows NT 10.0; Win64; x64) AppleWebKit/537.36 (KHTML, like Gecko) Chrome/74.0.3729.169 Safari/537.36"
190.152.207.78 - - [04/Jun/2019:22:27:03 -0500] "POST /admin/notifications.json/task:processNotifications HTTP/1.1" 200 3052 "https://thebrayanmina.com/admin/pages/directorios" "Mozilla/5.0 (Windows NT 10.0; Win64; x64) AppleWebKit/537.36 (KHTML, like Gecko) Chrome/74.0.3729.169 Safari/537.36"
190.152.207.78 - - [04/Jun/2019:22:27:02 -0500] "POST /admin/update.json/task:getUpdates HTTP/1.1" 200 487742 "https://thebrayanmina.com/admin/pages/directorios" "Mozilla/5.0 (Windows NT 10.0; Win64; x64) AppleWebKit/537.36 (KHTML, like Gecko) Chrome/74.0.3729.169 Safari/537.36"
52.209.30.187 - - [04/Jun/2019:22:27:20 -0500] "GET / HTTP/1.1" 200 9917 "-" "Mozilla/5.0+(compatible; Cula/2.0; https://cula.io/)"
190.152.207.78 - - [04/Jun/2019:22:27:30 -0500] "POST /admin/pages/directorios HTTP/1.1" 303 686 "https://thebrayanmina.com/admin/pages/directorios" "Mozilla/5.0 (Windows NT 10.0; Win64; x64) AppleWebKit/537.36 (KHTML, like Gecko) Chrome/74.0.3729.169 Safari/537.36"
190.152.207.78 - - [04/Jun/2019:22:27:31 -0500] "GET /admin/pages/directorios HTTP/1.1" 200 134614 "https://thebrayanmina.com/admin/pages/directorios" "Mozilla/5.0 (Windows NT 10.0; Win64; x64) AppleWebKit/537.36 (KHTML, like Gecko) Chrome/74.0.3729.169 Safari/537.36"
190.152.207.78 - - [04/Jun/2019:22:27:32 -0500] "POST /admin/notifications.json/task:getNotifications HTTP/1.1" 200 682 "https://thebrayanmina.com/admin/pages/directorios" "Mozilla/5.0 (Windows NT 10.0; Win64; x64) AppleWebKit/537.36 (KHTML, like Gecko) Chrome/74.0.3729.169 Safari/537.36"
190.152.207.78 - - [04/Jun/2019:22:27:32 -0500] "POST /admin/media/directorios.json/task:listmedia HTTP/1.1" 200 657 "https://thebrayanmina.com/admin/pages/directorios" "Mozilla/5.0 (Windows NT 10.0; Win64; x64) AppleWebKit/537.36 (KHTML, like Gecko) Chrome/74.0.3729.169 Safari/537.36"
190.152.207.78 - - [04/Jun/2019:22:27:33 -0500] "POST /admin/notifications.json/task:processNotifications HTTP/1.1" 200 3052 "https://thebrayanmina.com/admin/pages/directorios" "Mozilla/5.0 (Windows NT 10.0; Win64; x64) AppleWebKit/537.36 (KHTML, like Gecko) Chrome/74.0.3729.169 Safari/537.36"
190.152.207.78 - - [04/Jun/2019:22:27:32 -0500] "POST /admin/update.json/task:getUpdates HTTP/1.1" 200 487742 "https://thebrayanmina.com/admin/pages/directorios" "Mozilla/5.0 (Windows NT 10.0; Win64; x64) AppleWebKit/537.36 (KHTML, like Gecko) Chrome/74.0.3729.169 Safari/537.36"
190.152.207.78 - - [04/Jun/2019:22:27:40 -0500] "GET / HTTP/1.1" 200 7216 "-" "Mozilla/5.0 (Windows NT 10.0; Win64; x64) AppleWebKit/537.36 (KHTML, like Gecko) Chrome/74.0.3729.169 Safari/537.36"
190.152.207.78 - - [04/Jun/2019:22:27:40 -0500] "GET /system/assets/jquery/jquery-2.x.min.js HTTP/1.1" 200 30450 "https://thebrayanmina.com/" "Mozilla/5.0 (Windows NT 10.0; Win64; x64) AppleWebKit/537.36 (KHTML, like Gecko) Chrome/74.0.3729.169 Safari/537.36"
190.152.207.78 - - [04/Jun/2019:22:27:41 -0500] "GET /user/themes/antimatter/images/favicon.png HTTP/1.1" 200 1483 "https://thebrayanmina.com/" "Mozilla/5.0 (Windows NT 10.0; Win64; x64) AppleWebKit/537.36 (KHTML, like Gecko) Chrome/74.0.3729.169 Safari/537.36"
190.152.207.78 - - [04/Jun/2019:22:27:46 -0500] "GET /directorios HTTP/1.1" 200 9839 "https://thebrayanmina.com/" "Mozilla/5.0 (Windows NT 10.0; Win64; x64) AppleWebKit/537.36 (KHTML, like Gecko) Chrome/74.0.3729.169 Safari/537.36"
52.209.30.187 - - [04/Jun/2019:22:29:21 -0500] "GET / HTTP/1.1" 200 7376 "-" "Mozilla/5.0+(compatible; Cula/2.0; https://cula.io/)"
52.209.30.187 - - [04/Jun/2019:22:31:22 -0500] "GET / HTTP/1.1" 200 10301 "-" "Mozilla/5.0+(compatible; Cula/2.0; https://cula.io/)"
190.152.207.78 - - [04/Jun/2019:22:32:30 -0500] "GET / HTTP/1.1" 200 10303 "https://thebrayanmina.com/admin/pages/directorios" "Mozilla/5.0 (Windows NT 10.0; Win64; x64) AppleWebKit/537.36 (KHTML, like Gecko) Chrome/74.0.3729.169 Safari/537.36"
190.152.207.78 - - [04/Jun/2019:22:32:50 -0500] "-" 408 3235 "-" "-"
190.152.207.78 - - [04/Jun/2019:22:32:50 -0500] "-" 408 3235 "-" "-"
52.209.30.187 - - [04/Jun/2019:22:33:20 -0500] "GET / HTTP/1.1" 200 10297 "-" "Mozilla/5.0+(compatible; Cula/2.0; https://cula.io/)"
52.209.30.187 - - [04/Jun/2019:22:35:20 -0500] "GET / HTTP/1.1" 200 7376 "-" "Mozilla/5.0+(compatible; Cula/2.0; https://cula.io/)"
52.209.30.187 - - [04/Jun/2019:22:37:20 -0500] "GET / HTTP/1.1" 200 7376 "-" "Mozilla/5.0+(compatible; Cula/2.0; https://cula.io/)"
190.152.207.78 - - [04/Jun/2019:22:38:39 -0500] "-" 408 3235 "-" "-"
190.152.207.78 - - [04/Jun/2019:22:38:53 -0500] "GET /admin/pages HTTP/1.1" 200 13329 "https://thebrayanmina.com/admin/pages/directorios" "Mozilla/5.0 (Windows NT 10.0; Win64; x64) AppleWebKit/537.36 (KHTML, like Gecko) Chrome/74.0.3729.169 Safari/537.36"
190.152.207.78 - - [04/Jun/2019:22:38:54 -0500] "GET /system/assets/jquery/jquery-2.x.min.js?c8df40a73c HTTP/1.1" 200 33537 "https://thebrayanmina.com/admin/pages" "Mozilla/5.0 (Windows NT 10.0; Win64; x64) AppleWebKit/537.36 (KHTML, like Gecko) Chrome/74.0.3729.169 Safari/537.36"
190.152.207.78 - - [04/Jun/2019:22:39:10 -0500] "POST /admin HTTP/1.1" 302 670 "https://thebrayanmina.com/admin/pages" "Mozilla/5.0 (Windows NT 10.0; Win64; x64) AppleWebKit/537.36 (KHTML, like Gecko) Chrome/74.0.3729.169 Safari/537.36"
190.152.207.78 - - [04/Jun/2019:22:39:10 -0500] "GET /admin/pages HTTP/1.1" 200 53248 "https://thebrayanmina.com/admin/pages" "Mozilla/5.0 (Windows NT 10.0; Win64; x64) AppleWebKit/537.36 (KHTML, like Gecko) Chrome/74.0.3729.169 Safari/537.36"
190.152.207.78 - - [04/Jun/2019:22:39:10 -0500] "POST /admin/notifications.json/task:getNotifications HTTP/1.1" 200 682 "https://thebrayanmina.com/admin/pages" "Mozilla/5.0 (Windows NT 10.0; Win64; x64) AppleWebKit/537.36 (KHTML, like Gecko) Chrome/74.0.3729.169 Safari/537.36"
190.152.207.78 - - [04/Jun/2019:22:39:12 -0500] "POST /admin/notifications.json/task:processNotifications HTTP/1.1" 200 3052 "https://thebrayanmina.com/admin/pages" "Mozilla/5.0 (Windows NT 10.0; Win64; x64) AppleWebKit/537.36 (KHTML, like Gecko) Chrome/74.0.3729.169 Safari/537.36"
190.152.207.78 - - [04/Jun/2019:22:39:10 -0500] "POST /admin/update.json/task:getUpdates HTTP/1.1" 200 487742 "https://thebrayanmina.com/admin/pages" "Mozilla/5.0 (Windows NT 10.0; Win64; x64) AppleWebKit/537.36 (KHTML, like Gecko) Chrome/74.0.3729.169 Safari/537.36"
52.209.30.187 - - [04/Jun/2019:22:39:19 -0500] "GET / HTTP/1.1" 200 10301 "-" "Mozilla/5.0+(compatible; Cula/2.0; https://cula.io/)"
190.152.207.78 - - [04/Jun/2019:22:39:32 -0500] "POST /admin/pages HTTP/1.1" 303 679 "https://thebrayanmina.com/admin/pages" "Mozilla/5.0 (Windows NT 10.0; Win64; x64) AppleWebKit/537.36 (KHTML, like Gecko) Chrome/74.0.3729.169 Safari/537.36"
190.152.207.78 - - [04/Jun/2019:22:39:32 -0500] "GET /admin/pages/grav HTTP/1.1" 200 128011 "https://thebrayanmina.com/admin/pages" "Mozilla/5.0 (Windows NT 10.0; Win64; x64) AppleWebKit/537.36 (KHTML, like Gecko) Chrome/74.0.3729.169 Safari/537.36"
190.152.207.78 - - [04/Jun/2019:22:39:33 -0500] "POST /admin/notifications.json/task:getNotifications HTTP/1.1" 200 682 "https://thebrayanmina.com/admin/pages/grav" "Mozilla/5.0 (Windows NT 10.0; Win64; x64) AppleWebKit/537.36 (KHTML, like Gecko) Chrome/74.0.3729.169 Safari/537.36"
190.152.207.78 - - [04/Jun/2019:22:39:35 -0500] "POST /admin/notifications.json/task:processNotifications HTTP/1.1" 200 3052 "https://thebrayanmina.com/admin/pages/grav" "Mozilla/5.0 (Windows NT 10.0; Win64; x64) AppleWebKit/537.36 (KHTML, like Gecko) Chrome/74.0.3729.169 Safari/537.36"
190.152.207.78 - - [04/Jun/2019:22:39:34 -0500] "POST /admin/update.json/task:getUpdates HTTP/1.1" 200 487742 "https://thebrayanmina.com/admin/pages/grav" "Mozilla/5.0 (Windows NT 10.0; Win64; x64) AppleWebKit/537.36 (KHTML, like Gecko) Chrome/74.0.3729.169 Safari/537.36"
190.152.207.78 - - [04/Jun/2019:22:40:29 -0500] "POST /admin/pages/grav HTTP/1.1" 303 679 "https://thebrayanmina.com/admin/pages/grav" "Mozilla/5.0 (Windows NT 10.0; Win64; x64) AppleWebKit/537.36 (KHTML, like Gecko) Chrome/74.0.3729.169 Safari/537.36"
190.152.207.78 - - [04/Jun/2019:22:40:29 -0500] "GET /admin/pages/grav HTTP/1.1" 200 130864 "https://thebrayanmina.com/admin/pages/grav" "Mozilla/5.0 (Windows NT 10.0; Win64; x64) AppleWebKit/537.36 (KHTML, like Gecko) Chrome/74.0.3729.169 Safari/537.36"
190.152.207.78 - - [04/Jun/2019:22:40:30 -0500] "POST /admin/notifications.json/task:getNotifications HTTP/1.1" 200 682 "https://thebrayanmina.com/admin/pages/grav" "Mozilla/5.0 (Windows NT 10.0; Win64; x64) AppleWebKit/537.36 (KHTML, like Gecko) Chrome/74.0.3729.169 Safari/537.36"
190.152.207.78 - - [04/Jun/2019:22:40:30 -0500] "POST /admin/media/grav.json/task:listmedia HTTP/1.1" 200 657 "https://thebrayanmina.com/admin/pages/grav" "Mozilla/5.0 (Windows NT 10.0; Win64; x64) AppleWebKit/537.36 (KHTML, like Gecko) Chrome/74.0.3729.169 Safari/537.36"
190.152.207.78 - - [04/Jun/2019:22:40:31 -0500] "POST /admin/notifications.json/task:processNotifications HTTP/1.1" 200 3052 "https://thebrayanmina.com/admin/pages/grav" "Mozilla/5.0 (Windows NT 10.0; Win64; x64) AppleWebKit/537.36 (KHTML, like Gecko) Chrome/74.0.3729.169 Safari/537.36"
190.152.207.78 - - [04/Jun/2019:22:40:30 -0500] "POST /admin/update.json/task:getUpdates HTTP/1.1" 200 487742 "https://thebrayanmina.com/admin/pages/grav" "Mozilla/5.0 (Windows NT 10.0; Win64; x64) AppleWebKit/537.36 (KHTML, like Gecko) Chrome/74.0.3729.169 Safari/537.36"
52.209.30.187 - - [04/Jun/2019:22:41:21 -0500] "GET / HTTP/1.1" 200 7726 "-" "Mozilla/5.0+(compatible; Cula/2.0; https://cula.io/)"
190.152.207.78 - - [04/Jun/2019:22:41:24 -0500] "POST /admin/pages/grav HTTP/1.1" 303 679 "https://thebrayanmina.com/admin/pages/grav" "Mozilla/5.0 (Windows NT 10.0; Win64; x64) AppleWebKit/537.36 (KHTML, like Gecko) Chrome/74.0.3729.169 Safari/537.36"
190.152.207.78 - - [04/Jun/2019:22:41:24 -0500] "GET /admin/pages/grav HTTP/1.1" 200 130864 "https://thebrayanmina.com/admin/pages/grav" "Mozilla/5.0 (Windows NT 10.0; Win64; x64) AppleWebKit/537.36 (KHTML, like Gecko) Chrome/74.0.3729.169 Safari/537.36"
190.152.207.78 - - [04/Jun/2019:22:41:25 -0500] "POST /admin/notifications.json/task:getNotifications HTTP/1.1" 200 682 "https://thebrayanmina.com/admin/pages/grav" "Mozilla/5.0 (Windows NT 10.0; Win64; x64) AppleWebKit/537.36 (KHTML, like Gecko) Chrome/74.0.3729.169 Safari/537.36"
190.152.207.78 - - [04/Jun/2019:22:41:25 -0500] "POST /admin/media/grav.json/task:listmedia HTTP/1.1" 200 657 "https://thebrayanmina.com/admin/pages/grav" "Mozilla/5.0 (Windows NT 10.0; Win64; x64) AppleWebKit/537.36 (KHTML, like Gecko) Chrome/74.0.3729.169 Safari/537.36"
190.152.207.78 - - [04/Jun/2019:22:41:26 -0500] "POST /admin/notifications.json/task:processNotifications HTTP/1.1" 200 3052 "https://thebrayanmina.com/admin/pages/grav" "Mozilla/5.0 (Windows NT 10.0; Win64; x64) AppleWebKit/537.36 (KHTML, like Gecko) Chrome/74.0.3729.169 Safari/537.36"
190.152.207.78 - - [04/Jun/2019:22:41:25 -0500] "POST /admin/update.json/task:getUpdates HTTP/1.1" 200 487742 "https://thebrayanmina.com/admin/pages/grav" "Mozilla/5.0 (Windows NT 10.0; Win64; x64) AppleWebKit/537.36 (KHTML, like Gecko) Chrome/74.0.3729.169 Safari/537.36"
190.152.207.78 - - [04/Jun/2019:22:41:30 -0500] "GET /directorios HTTP/1.1" 200 10189 "https://thebrayanmina.com/" "Mozilla/5.0 (Windows NT 10.0; Win64; x64) AppleWebKit/537.36 (KHTML, like Gecko) Chrome/74.0.3729.169 Safari/537.36"
190.152.207.78 - - [04/Jun/2019:22:41:30 -0500] "GET /system/assets/jquery/jquery-2.x.min.js HTTP/1.1" 200 30450 "https://thebrayanmina.com/directorios" "Mozilla/5.0 (Windows NT 10.0; Win64; x64) AppleWebKit/537.36 (KHTML, like Gecko) Chrome/74.0.3729.169 Safari/537.36"
190.152.207.78 - - [04/Jun/2019:22:41:31 -0500] "GET /user/themes/antimatter/images/favicon.png HTTP/1.1" 200 1483 "https://thebrayanmina.com/directorios" "Mozilla/5.0 (Windows NT 10.0; Win64; x64) AppleWebKit/537.36 (KHTML, like Gecko) Chrome/74.0.3729.169 Safari/537.36"
190.152.207.78 - - [04/Jun/2019:22:41:35 -0500] "GET /grav HTTP/1.1" 200 5641 "https://thebrayanmina.com/directorios" "Mozilla/5.0 (Windows NT 10.0; Win64; x64) AppleWebKit/537.36 (KHTML, like Gecko) Chrome/74.0.3729.169 Safari/537.36"
190.152.207.78 - - [04/Jun/2019:22:41:37 -0500] "GET /directorios HTTP/1.1" 200 10189 "https://thebrayanmina.com/grav" "Mozilla/5.0 (Windows NT 10.0; Win64; x64) AppleWebKit/537.36 (KHTML, like Gecko) Chrome/74.0.3729.169 Safari/537.36"
190.152.207.78 - - [04/Jun/2019:22:41:40 -0500] "GET / HTTP/1.1" 200 7566 "https://thebrayanmina.com/directorios" "Mozilla/5.0 (Windows NT 10.0; Win64; x64) AppleWebKit/537.36 (KHTML, like Gecko) Chrome/74.0.3729.169 Safari/537.36"
190.152.207.78 - - [04/Jun/2019:22:41:46 -0500] "GET /admin/pages HTTP/1.1" 200 54847 "https://thebrayanmina.com/admin/pages/grav" "Mozilla/5.0 (Windows NT 10.0; Win64; x64) AppleWebKit/537.36 (KHTML, like Gecko) Chrome/74.0.3729.169 Safari/537.36"
190.152.207.78 - - [04/Jun/2019:22:41:46 -0500] "POST /admin/notifications.json/task:getNotifications HTTP/1.1" 200 682 "https://thebrayanmina.com/admin/pages" "Mozilla/5.0 (Windows NT 10.0; Win64; x64) AppleWebKit/537.36 (KHTML, like Gecko) Chrome/74.0.3729.169 Safari/537.36"
190.152.207.78 - - [04/Jun/2019:22:41:47 -0500] "POST /admin/notifications.json/task:processNotifications HTTP/1.1" 200 3052 "https://thebrayanmina.com/admin/pages" "Mozilla/5.0 (Windows NT 10.0; Win64; x64) AppleWebKit/537.36 (KHTML, like Gecko) Chrome/74.0.3729.169 Safari/537.36"
190.152.207.78 - - [04/Jun/2019:22:41:47 -0500] "POST /admin/update.json/task:getUpdates HTTP/1.1" 200 487742 "https://thebrayanmina.com/admin/pages" "Mozilla/5.0 (Windows NT 10.0; Win64; x64) AppleWebKit/537.36 (KHTML, like Gecko) Chrome/74.0.3729.169 Safari/537.36"
190.152.207.78 - - [04/Jun/2019:22:41:59 -0500] "GET /admin/pages/home HTTP/1.1" 200 132252 "https://thebrayanmina.com/admin/pages" "Mozilla/5.0 (Windows NT 10.0; Win64; x64) AppleWebKit/537.36 (KHTML, like Gecko) Chrome/74.0.3729.169 Safari/537.36"
190.152.207.78 - - [04/Jun/2019:22:42:00 -0500] "POST /admin/notifications.json/task:getNotifications HTTP/1.1" 200 682 "https://thebrayanmina.com/admin/pages/home" "Mozilla/5.0 (Windows NT 10.0; Win64; x64) AppleWebKit/537.36 (KHTML, like Gecko) Chrome/74.0.3729.169 Safari/537.36"
190.152.207.78 - - [04/Jun/2019:22:42:01 -0500] "POST /admin/media/home.json/task:listmedia HTTP/1.1" 200 657 "https://thebrayanmina.com/admin/pages/home" "Mozilla/5.0 (Windows NT 10.0; Win64; x64) AppleWebKit/537.36 (KHTML, like Gecko) Chrome/74.0.3729.169 Safari/537.36"
190.152.207.78 - - [04/Jun/2019:22:42:02 -0500] "POST /admin/notifications.json/task:processNotifications HTTP/1.1" 200 3052 "https://thebrayanmina.com/admin/pages/home" "Mozilla/5.0 (Windows NT 10.0; Win64; x64) AppleWebKit/537.36 (KHTML, like Gecko) Chrome/74.0.3729.169 Safari/537.36"
190.152.207.78 - - [04/Jun/2019:22:42:00 -0500] "POST /admin/update.json/task:getUpdates HTTP/1.1" 200 487742 "https://thebrayanmina.com/admin/pages/home" "Mozilla/5.0 (Windows NT 10.0; Win64; x64) AppleWebKit/537.36 (KHTML, like Gecko) Chrome/74.0.3729.169 Safari/537.36"
190.152.207.78 - - [04/Jun/2019:22:42:49 -0500] "-" 408 148 "-" "-"
52.209.30.187 - - [04/Jun/2019:22:43:20 -0500] "GET / HTTP/1.1" 200 10647 "-" "Mozilla/5.0+(compatible; Cula/2.0; https://cula.io/)"
190.152.207.78 - - [04/Jun/2019:22:44:32 -0500] "POST /admin/media/home.json/task:addmedia HTTP/1.1" 403 3861 "https://thebrayanmina.com/admin/pages/home" "Mozilla/5.0 (Windows NT 10.0; Win64; x64) AppleWebKit/537.36 (KHTML, like Gecko) Chrome/74.0.3729.169 Safari/537.36"
190.152.207.78 - - [04/Jun/2019:22:44:47 -0500] "POST /admin/media/home.json/task:delmedia HTTP/1.1" 403 613 "https://thebrayanmina.com/admin/pages/home" "Mozilla/5.0 (Windows NT 10.0; Win64; x64) AppleWebKit/537.36 (KHTML, like Gecko) Chrome/74.0.3729.169 Safari/537.36"
190.152.207.78 - - [04/Jun/2019:22:44:55 -0500] "POST /admin/media/home.json/task:addmedia HTTP/1.1" 403 613 "https://thebrayanmina.com/admin/pages/home" "Mozilla/5.0 (Windows NT 10.0; Win64; x64) AppleWebKit/537.36 (KHTML, like Gecko) Chrome/74.0.3729.169 Safari/537.36"
190.152.207.78 - - [04/Jun/2019:22:45:09 -0500] "POST /admin/pages/home HTTP/1.1" 200 10158 "https://thebrayanmina.com/admin/pages/home" "Mozilla/5.0 (Windows NT 10.0; Win64; x64) AppleWebKit/537.36 (KHTML, like Gecko) Chrome/74.0.3729.169 Safari/537.36"
190.152.207.78 - - [04/Jun/2019:22:45:09 -0500] "GET /system/assets/jquery/jquery-2.x.min.js?c8df40a73c HTTP/1.1" 200 30450 "https://thebrayanmina.com/admin/pages/home" "Mozilla/5.0 (Windows NT 10.0; Win64; x64) AppleWebKit/537.36 (KHTML, like Gecko) Chrome/74.0.3729.169 Safari/537.36"
52.209.30.187 - - [04/Jun/2019:22:45:23 -0500] "GET / HTTP/1.1" 200 10651 "-" "Mozilla/5.0+(compatible; Cula/2.0; https://cula.io/)"
190.152.207.78 - - [04/Jun/2019:22:45:24 -0500] "POST /admin HTTP/1.1" 302 675 "https://thebrayanmina.com/admin/pages/home" "Mozilla/5.0 (Windows NT 10.0; Win64; x64) AppleWebKit/537.36 (KHTML, like Gecko) Chrome/74.0.3729.169 Safari/537.36"
190.152.207.78 - - [04/Jun/2019:22:45:24 -0500] "GET /admin/pages/home HTTP/1.1" 200 132189 "https://thebrayanmina.com/admin/pages/home" "Mozilla/5.0 (Windows NT 10.0; Win64; x64) AppleWebKit/537.36 (KHTML, like Gecko) Chrome/74.0.3729.169 Safari/537.36"
190.152.207.78 - - [04/Jun/2019:22:45:25 -0500] "POST /admin/notifications.json/task:getNotifications HTTP/1.1" 200 682 "https://thebrayanmina.com/admin/pages/home" "Mozilla/5.0 (Windows NT 10.0; Win64; x64) AppleWebKit/537.36 (KHTML, like Gecko) Chrome/74.0.3729.169 Safari/537.36"
190.152.207.78 - - [04/Jun/2019:22:45:25 -0500] "POST /admin/media/home.json/task:listmedia HTTP/1.1" 200 657 "https://thebrayanmina.com/admin/pages/home" "Mozilla/5.0 (Windows NT 10.0; Win64; x64) AppleWebKit/537.36 (KHTML, like Gecko) Chrome/74.0.3729.169 Safari/537.36"
190.152.207.78 - - [04/Jun/2019:22:45:27 -0500] "POST /admin/notifications.json/task:processNotifications HTTP/1.1" 200 3052 "https://thebrayanmina.com/admin/pages/home" "Mozilla/5.0 (Windows NT 10.0; Win64; x64) AppleWebKit/537.36 (KHTML, like Gecko) Chrome/74.0.3729.169 Safari/537.36"
190.152.207.78 - - [04/Jun/2019:22:45:25 -0500] "POST /admin/update.json/task:getUpdates HTTP/1.1" 200 487742 "https://thebrayanmina.com/admin/pages/home" "Mozilla/5.0 (Windows NT 10.0; Win64; x64) AppleWebKit/537.36 (KHTML, like Gecko) Chrome/74.0.3729.169 Safari/537.36"
190.152.207.78 - - [04/Jun/2019:22:46:22 -0500] "POST /admin/media/home.json/task:delmedia HTTP/1.1" 200 680 "https://thebrayanmina.com/admin/pages/home" "Mozilla/5.0 (Windows NT 10.0; Win64; x64) AppleWebKit/537.36 (KHTML, like Gecko) Chrome/74.0.3729.169 Safari/537.36"
190.152.207.78 - - [04/Jun/2019:22:46:34 -0500] "POST /admin/pages/home HTTP/1.1" 303 679 "https://thebrayanmina.com/admin/pages/home" "Mozilla/5.0 (Windows NT 10.0; Win64; x64) AppleWebKit/537.36 (KHTML, like Gecko) Chrome/74.0.3729.169 Safari/537.36"
190.152.207.78 - - [04/Jun/2019:22:46:35 -0500] "GET /admin/pages/home HTTP/1.1" 200 132572 "https://thebrayanmina.com/admin/pages/home" "Mozilla/5.0 (Windows NT 10.0; Win64; x64) AppleWebKit/537.36 (KHTML, like Gecko) Chrome/74.0.3729.169 Safari/537.36"
190.152.207.78 - - [04/Jun/2019:22:46:36 -0500] "POST /admin/notifications.json/task:getNotifications HTTP/1.1" 200 682 "https://thebrayanmina.com/admin/pages/home" "Mozilla/5.0 (Windows NT 10.0; Win64; x64) AppleWebKit/537.36 (KHTML, like Gecko) Chrome/74.0.3729.169 Safari/537.36"
190.152.207.78 - - [04/Jun/2019:22:46:36 -0500] "POST /admin/media/home.json/task:listmedia HTTP/1.1" 200 657 "https://thebrayanmina.com/admin/pages/home" "Mozilla/5.0 (Windows NT 10.0; Win64; x64) AppleWebKit/537.36 (KHTML, like Gecko) Chrome/74.0.3729.169 Safari/537.36"
190.152.207.78 - - [04/Jun/2019:22:46:37 -0500] "POST /admin/notifications.json/task:processNotifications HTTP/1.1" 200 3052 "https://thebrayanmina.com/admin/pages/home" "Mozilla/5.0 (Windows NT 10.0; Win64; x64) AppleWebKit/537.36 (KHTML, like Gecko) Chrome/74.0.3729.169 Safari/537.36"
190.152.207.78 - - [04/Jun/2019:22:46:36 -0500] "POST /admin/update.json/task:getUpdates HTTP/1.1" 200 487742 "https://thebrayanmina.com/admin/pages/home" "Mozilla/5.0 (Windows NT 10.0; Win64; x64) AppleWebKit/537.36 (KHTML, like Gecko) Chrome/74.0.3729.169 Safari/537.36"
190.152.207.78 - - [04/Jun/2019:22:46:52 -0500] "POST /admin/pages/home HTTP/1.1" 303 679 "https://thebrayanmina.com/admin/pages/home" "Mozilla/5.0 (Windows NT 10.0; Win64; x64) AppleWebKit/537.36 (KHTML, like Gecko) Chrome/74.0.3729.169 Safari/537.36"
190.152.207.78 - - [04/Jun/2019:22:46:53 -0500] "GET /admin/pages/home HTTP/1.1" 200 132692 "https://thebrayanmina.com/admin/pages/home" "Mozilla/5.0 (Windows NT 10.0; Win64; x64) AppleWebKit/537.36 (KHTML, like Gecko) Chrome/74.0.3729.169 Safari/537.36"
190.152.207.78 - - [04/Jun/2019:22:46:54 -0500] "POST /admin/notifications.json/task:getNotifications HTTP/1.1" 200 682 "https://thebrayanmina.com/admin/pages/home" "Mozilla/5.0 (Windows NT 10.0; Win64; x64) AppleWebKit/537.36 (KHTML, like Gecko) Chrome/74.0.3729.169 Safari/537.36"
190.152.207.78 - - [04/Jun/2019:22:46:54 -0500] "POST /admin/media/home.json/task:listmedia HTTP/1.1" 200 657 "https://thebrayanmina.com/admin/pages/home" "Mozilla/5.0 (Windows NT 10.0; Win64; x64) AppleWebKit/537.36 (KHTML, like Gecko) Chrome/74.0.3729.169 Safari/537.36"
190.152.207.78 - - [04/Jun/2019:22:46:55 -0500] "POST /admin/notifications.json/task:processNotifications HTTP/1.1" 200 3052 "https://thebrayanmina.com/admin/pages/home" "Mozilla/5.0 (Windows NT 10.0; Win64; x64) AppleWebKit/537.36 (KHTML, like Gecko) Chrome/74.0.3729.169 Safari/537.36"
190.152.207.78 - - [04/Jun/2019:22:46:54 -0500] "POST /admin/update.json/task:getUpdates HTTP/1.1" 200 487742 "https://thebrayanmina.com/admin/pages/home" "Mozilla/5.0 (Windows NT 10.0; Win64; x64) AppleWebKit/537.36 (KHTML, like Gecko) Chrome/74.0.3729.169 Safari/537.36"
52.209.30.187 - - [04/Jun/2019:22:47:21 -0500] "GET / HTTP/1.1" 200 6907 "-" "Mozilla/5.0+(compatible; Cula/2.0; https://cula.io/)"
190.152.207.78 - - [04/Jun/2019:22:48:31 -0500] "POST /admin/pages/home HTTP/1.1" 303 679 "https://thebrayanmina.com/admin/pages/home" "Mozilla/5.0 (Windows NT 10.0; Win64; x64) AppleWebKit/537.36 (KHTML, like Gecko) Chrome/74.0.3729.169 Safari/537.36"
190.152.207.78 - - [04/Jun/2019:22:48:31 -0500] "GET /admin/pages/home HTTP/1.1" 200 132725 "https://thebrayanmina.com/admin/pages/home" "Mozilla/5.0 (Windows NT 10.0; Win64; x64) AppleWebKit/537.36 (KHTML, like Gecko) Chrome/74.0.3729.169 Safari/537.36"
190.152.207.78 - - [04/Jun/2019:22:48:32 -0500] "POST /admin/notifications.json/task:getNotifications HTTP/1.1" 200 682 "https://thebrayanmina.com/admin/pages/home" "Mozilla/5.0 (Windows NT 10.0; Win64; x64) AppleWebKit/537.36 (KHTML, like Gecko) Chrome/74.0.3729.169 Safari/537.36"
190.152.207.78 - - [04/Jun/2019:22:48:33 -0500] "POST /admin/media/home.json/task:listmedia HTTP/1.1" 200 657 "https://thebrayanmina.com/admin/pages/home" "Mozilla/5.0 (Windows NT 10.0; Win64; x64) AppleWebKit/537.36 (KHTML, like Gecko) Chrome/74.0.3729.169 Safari/537.36"
190.152.207.78 - - [04/Jun/2019:22:48:34 -0500] "POST /admin/notifications.json/task:processNotifications HTTP/1.1" 200 3052 "https://thebrayanmina.com/admin/pages/home" "Mozilla/5.0 (Windows NT 10.0; Win64; x64) AppleWebKit/537.36 (KHTML, like Gecko) Chrome/74.0.3729.169 Safari/537.36"
190.152.207.78 - - [04/Jun/2019:22:48:33 -0500] "POST /admin/update.json/task:getUpdates HTTP/1.1" 200 487742 "https://thebrayanmina.com/admin/pages/home" "Mozilla/5.0 (Windows NT 10.0; Win64; x64) AppleWebKit/537.36 (KHTML, like Gecko) Chrome/74.0.3729.169 Safari/537.36"
190.152.207.78 - - [04/Jun/2019:22:48:38 -0500] "GET / HTTP/1.1" 200 6764 "https://thebrayanmina.com/directorios" "Mozilla/5.0 (Windows NT 10.0; Win64; x64) AppleWebKit/537.36 (KHTML, like Gecko) Chrome/74.0.3729.169 Safari/537.36"
190.152.207.78 - - [04/Jun/2019:22:48:38 -0500] "GET /system/assets/jquery/jquery-2.x.min.js HTTP/1.1" 200 30450 "https://thebrayanmina.com/" "Mozilla/5.0 (Windows NT 10.0; Win64; x64) AppleWebKit/537.36 (KHTML, like Gecko) Chrome/74.0.3729.169 Safari/537.36"
190.152.207.78 - - [04/Jun/2019:22:48:39 -0500] "GET /style.css HTTP/1.1" 404 5021 "https://thebrayanmina.com/" "Mozilla/5.0 (Windows NT 10.0; Win64; x64) AppleWebKit/537.36 (KHTML, like Gecko) Chrome/74.0.3729.169 Safari/537.36"
190.152.207.78 - - [04/Jun/2019:22:48:39 -0500] "GET /user/themes/antimatter/images/favicon.png HTTP/1.1" 200 1483 "https://thebrayanmina.com/" "Mozilla/5.0 (Windows NT 10.0; Win64; x64) AppleWebKit/537.36 (KHTML, like Gecko) Chrome/74.0.3729.169 Safari/537.36"
190.152.207.78 - - [04/Jun/2019:22:49:01 -0500] "POST /admin/media/home.json/task:addmedia HTTP/1.1" 200 697 "https://thebrayanmina.com/admin/pages/home" "Mozilla/5.0 (Windows NT 10.0; Win64; x64) AppleWebKit/537.36 (KHTML, like Gecko) Chrome/74.0.3729.169 Safari/537.36"
190.152.207.78 - - [04/Jun/2019:22:49:09 -0500] "POST /admin/pages/home HTTP/1.1" 303 679 "https://thebrayanmina.com/admin/pages/home" "Mozilla/5.0 (Windows NT 10.0; Win64; x64) AppleWebKit/537.36 (KHTML, like Gecko) Chrome/74.0.3729.169 Safari/537.36"
190.152.207.78 - - [04/Jun/2019:22:49:09 -0500] "GET /admin/pages/home HTTP/1.1" 200 132734 "https://thebrayanmina.com/admin/pages/home" "Mozilla/5.0 (Windows NT 10.0; Win64; x64) AppleWebKit/537.36 (KHTML, like Gecko) Chrome/74.0.3729.169 Safari/537.36"
190.152.207.78 - - [04/Jun/2019:22:49:10 -0500] "POST /admin/notifications.json/task:getNotifications HTTP/1.1" 200 682 "https://thebrayanmina.com/admin/pages/home" "Mozilla/5.0 (Windows NT 10.0; Win64; x64) AppleWebKit/537.36 (KHTML, like Gecko) Chrome/74.0.3729.169 Safari/537.36"
190.152.207.78 - - [04/Jun/2019:22:49:11 -0500] "POST /admin/media/home.json/task:listmedia HTTP/1.1" 200 808 "https://thebrayanmina.com/admin/pages/home" "Mozilla/5.0 (Windows NT 10.0; Win64; x64) AppleWebKit/537.36 (KHTML, like Gecko) Chrome/74.0.3729.169 Safari/537.36"
190.152.207.78 - - [04/Jun/2019:22:49:11 -0500] "GET /images/9/4/d/2/5/94d254c00b05674c7e3bfa88726e4798da7298c8-thumb-css.png HTTP/1.1" 200 8815 "https://thebrayanmina.com/admin/pages/home" "Mozilla/5.0 (Windows NT 10.0; Win64; x64) AppleWebKit/537.36 (KHTML, like Gecko) Chrome/74.0.3729.169 Safari/537.36"
190.152.207.78 - - [04/Jun/2019:22:49:12 -0500] "POST /admin/notifications.json/task:processNotifications HTTP/1.1" 200 2904 "https://thebrayanmina.com/admin/pages/home" "Mozilla/5.0 (Windows NT 10.0; Win64; x64) AppleWebKit/537.36 (KHTML, like Gecko) Chrome/74.0.3729.169 Safari/537.36"
190.152.207.78 - - [04/Jun/2019:22:49:11 -0500] "POST /admin/update.json/task:getUpdates HTTP/1.1" 200 487742 "https://thebrayanmina.com/admin/pages/home" "Mozilla/5.0 (Windows NT 10.0; Win64; x64) AppleWebKit/537.36 (KHTML, like Gecko) Chrome/74.0.3729.169 Safari/537.36"
190.152.207.78 - - [04/Jun/2019:22:49:17 -0500] "GET / HTTP/1.1" 200 6764 "https://thebrayanmina.com/directorios" "Mozilla/5.0 (Windows NT 10.0; Win64; x64) AppleWebKit/537.36 (KHTML, like Gecko) Chrome/74.0.3729.169 Safari/537.36"
190.152.207.78 - - [04/Jun/2019:22:49:18 -0500] "GET /style.css HTTP/1.1" 200 1424 "https://thebrayanmina.com/" "Mozilla/5.0 (Windows NT 10.0; Win64; x64) AppleWebKit/537.36 (KHTML, like Gecko) Chrome/74.0.3729.169 Safari/537.36"
190.152.207.78 - - [04/Jun/2019:22:49:18 -0500] "GET /user/themes/antimatter/images/favicon.png HTTP/1.1" 200 1483 "https://thebrayanmina.com/" "Mozilla/5.0 (Windows NT 10.0; Win64; x64) AppleWebKit/537.36 (KHTML, like Gecko) Chrome/74.0.3729.169 Safari/537.36"
52.209.30.187 - - [04/Jun/2019:22:49:21 -0500] "GET / HTTP/1.1" 200 6924 "-" "Mozilla/5.0+(compatible; Cula/2.0; https://cula.io/)"
52.209.30.187 - - [04/Jun/2019:22:51:22 -0500] "GET / HTTP/1.1" 200 9849 "-" "Mozilla/5.0+(compatible; Cula/2.0; https://cula.io/)"
52.209.30.187 - - [04/Jun/2019:22:53:20 -0500] "GET / HTTP/1.1" 200 6924 "-" "Mozilla/5.0+(compatible; Cula/2.0; https://cula.io/)"
52.209.30.187 - - [04/Jun/2019:22:55:21 -0500] "GET / HTTP/1.1" 200 9845 "-" "Mozilla/5.0+(compatible; Cula/2.0; https://cula.io/)"
52.209.30.187 - - [04/Jun/2019:22:57:20 -0500] "GET / HTTP/1.1" 200 6924 "-" "Mozilla/5.0+(compatible; Cula/2.0; https://cula.io/)"
52.209.30.187 - - [04/Jun/2019:22:59:21 -0500] "GET / HTTP/1.1" 200 9849 "-" "Mozilla/5.0+(compatible; Cula/2.0; https://cula.io/)"
52.209.30.187 - - [04/Jun/2019:23:01:19 -0500] "GET / HTTP/1.1" 200 6924 "-" "Mozilla/5.0+(compatible; Cula/2.0; https://cula.io/)"
187.10.142.58 - - [04/Jun/2019:23:01:32 -0500] "GET / HTTP/1.1" 200 11173 "-" "Mozilla/5.0 (Windows NT 6.1; WOW64) AppleWebKit/537.36 (KHTML, like Gecko) Chrome/52.0.2743.116 Safari/537.36"
52.209.30.187 - - [04/Jun/2019:23:03:19 -0500] "GET / HTTP/1.1" 200 6924 "-" "Mozilla/5.0+(compatible; Cula/2.0; https://cula.io/)"
52.209.30.187 - - [04/Jun/2019:23:05:22 -0500] "GET / HTTP/1.1" 200 9849 "-" "Mozilla/5.0+(compatible; Cula/2.0; https://cula.io/)"
52.209.30.187 - - [04/Jun/2019:23:07:21 -0500] "GET / HTTP/1.1" 200 9845 "-" "Mozilla/5.0+(compatible; Cula/2.0; https://cula.io/)"
52.209.30.187 - - [04/Jun/2019:23:09:21 -0500] "GET / HTTP/1.1" 200 6924 "-" "Mozilla/5.0+(compatible; Cula/2.0; https://cula.io/)"
52.209.30.187 - - [04/Jun/2019:23:11:19 -0500] "GET / HTTP/1.1" 200 9849 "-" "Mozilla/5.0+(compatible; Cula/2.0; https://cula.io/)"
52.209.30.187 - - [04/Jun/2019:23:13:20 -0500] "GET / HTTP/1.1" 200 6924 "-" "Mozilla/5.0+(compatible; Cula/2.0; https://cula.io/)"
52.209.30.187 - - [04/Jun/2019:23:15:22 -0500] "GET / HTTP/1.1" 200 6924 "-" "Mozilla/5.0+(compatible; Cula/2.0; https://cula.io/)"
52.209.30.187 - - [04/Jun/2019:23:17:19 -0500] "GET / HTTP/1.1" 200 9849 "-" "Mozilla/5.0+(compatible; Cula/2.0; https://cula.io/)"
52.209.30.187 - - [04/Jun/2019:23:19:22 -0500] "GET / HTTP/1.1" 200 9845 "-" "Mozilla/5.0+(compatible; Cula/2.0; https://cula.io/)"
52.209.30.187 - - [04/Jun/2019:23:21:20 -0500] "GET / HTTP/1.1" 200 6924 "-" "Mozilla/5.0+(compatible; Cula/2.0; https://cula.io/)"
52.209.30.187 - - [04/Jun/2019:23:23:20 -0500] "GET / HTTP/1.1" 200 9849 "-" "Mozilla/5.0+(compatible; Cula/2.0; https://cula.io/)"
45.63.15.169 - - [04/Jun/2019:23:25:03 -0500] "GET / HTTP/1.1" 200 10015 "-" "-"
52.209.30.187 - - [04/Jun/2019:23:25:20 -0500] "GET / HTTP/1.1" 200 6924 "-" "Mozilla/5.0+(compatible; Cula/2.0; https://cula.io/)"
52.209.30.187 - - [04/Jun/2019:23:27:19 -0500] "GET / HTTP/1.1" 200 9845 "-" "Mozilla/5.0+(compatible; Cula/2.0; https://cula.io/)"
52.209.30.187 - - [04/Jun/2019:23:29:20 -0500] "GET / HTTP/1.1" 200 9849 "-" "Mozilla/5.0+(compatible; Cula/2.0; https://cula.io/)"
52.209.30.187 - - [04/Jun/2019:23:31:21 -0500] "GET / HTTP/1.1" 200 6924 "-" "Mozilla/5.0+(compatible; Cula/2.0; https://cula.io/)"
52.209.30.187 - - [04/Jun/2019:23:33:20 -0500] "GET / HTTP/1.1" 200 9845 "-" "Mozilla/5.0+(compatible; Cula/2.0; https://cula.io/)"
52.209.30.187 - - [04/Jun/2019:23:35:20 -0500] "GET / HTTP/1.1" 200 6924 "-" "Mozilla/5.0+(compatible; Cula/2.0; https://cula.io/)"
52.209.30.187 - - [04/Jun/2019:23:37:23 -0500] "GET / HTTP/1.1" 200 6924 "-" "Mozilla/5.0+(compatible; Cula/2.0; https://cula.io/)"
52.209.30.187 - - [04/Jun/2019:23:39:20 -0500] "GET / HTTP/1.1" 200 9845 "-" "Mozilla/5.0+(compatible; Cula/2.0; https://cula.io/)"
52.209.30.187 - - [04/Jun/2019:23:41:22 -0500] "GET / HTTP/1.1" 200 6924 "-" "Mozilla/5.0+(compatible; Cula/2.0; https://cula.io/)"
52.209.30.187 - - [04/Jun/2019:23:43:19 -0500] "GET / HTTP/1.1" 200 6924 "-" "Mozilla/5.0+(compatible; Cula/2.0; https://cula.io/)"
52.209.30.187 - - [04/Jun/2019:23:45:21 -0500] "GET / HTTP/1.1" 200 9849 "-" "Mozilla/5.0+(compatible; Cula/2.0; https://cula.io/)"
52.209.30.187 - - [04/Jun/2019:23:47:19 -0500] "GET / HTTP/1.1" 200 9845 "-" "Mozilla/5.0+(compatible; Cula/2.0; https://cula.io/)"
52.209.30.187 - - [04/Jun/2019:23:49:19 -0500] "GET / HTTP/1.1" 200 6924 "-" "Mozilla/5.0+(compatible; Cula/2.0; https://cula.io/)"
52.209.30.187 - - [04/Jun/2019:23:51:19 -0500] "GET / HTTP/1.1" 200 6924 "-" "Mozilla/5.0+(compatible; Cula/2.0; https://cula.io/)"
52.209.30.187 - - [04/Jun/2019:23:53:20 -0500] "GET / HTTP/1.1" 200 9845 "-" "Mozilla/5.0+(compatible; Cula/2.0; https://cula.io/)"
52.209.30.187 - - [04/Jun/2019:23:55:19 -0500] "GET / HTTP/1.1" 200 6924 "-" "Mozilla/5.0+(compatible; Cula/2.0; https://cula.io/)"
201.123.109.38 - - [04/Jun/2019:23:57:05 -0500] "GET / HTTP/1.1" 200 11173 "-" "Mozilla/5.0 (Windows NT 6.1; WOW64) AppleWebKit/537.36 (KHTML, like Gecko) Chrome/51.0.2704.103 Safari/537.36"
201.123.109.38 - - [04/Jun/2019:23:57:05 -0500] "GET / HTTP/1.1" 200 11173 "-" "Mozilla/5.0 (Windows NT 10.0; WOW64) AppleWebKit/537.36 (KHTML, like Gecko) Chrome/52.0.2743.116 Safari/537.36"
52.209.30.187 - - [04/Jun/2019:23:57:21 -0500] "GET / HTTP/1.1" 200 6924 "-" "Mozilla/5.0+(compatible; Cula/2.0; https://cula.io/)"
52.209.30.187 - - [04/Jun/2019:23:59:20 -0500] "GET / HTTP/1.1" 200 9849 "-" "Mozilla/5.0+(compatible; Cula/2.0; https://cula.io/)"
52.209.30.187 - - [05/Jun/2019:00:01:20 -0500] "GET / HTTP/1.1" 200 6924 "-" "Mozilla/5.0+(compatible; Cula/2.0; https://cula.io/)"
52.209.30.187 - - [05/Jun/2019:00:03:18 -0500] "GET / HTTP/1.1" 200 6924 "-" "Mozilla/5.0+(compatible; Cula/2.0; https://cula.io/)"
52.209.30.187 - - [05/Jun/2019:00:05:21 -0500] "GET / HTTP/1.1" 200 9845 "-" "Mozilla/5.0+(compatible; Cula/2.0; https://cula.io/)"
52.209.30.187 - - [05/Jun/2019:00:07:19 -0500] "GET / HTTP/1.1" 200 6924 "-" "Mozilla/5.0+(compatible; Cula/2.0; https://cula.io/)"
52.209.30.187 - - [05/Jun/2019:00:09:21 -0500] "GET / HTTP/1.1" 200 9849 "-" "Mozilla/5.0+(compatible; Cula/2.0; https://cula.io/)"
52.209.30.187 - - [05/Jun/2019:00:11:20 -0500] "GET / HTTP/1.1" 200 6924 "-" "Mozilla/5.0+(compatible; Cula/2.0; https://cula.io/)"
52.209.30.187 - - [05/Jun/2019:00:13:21 -0500] "GET / HTTP/1.1" 200 9845 "-" "Mozilla/5.0+(compatible; Cula/2.0; https://cula.io/)"
52.209.30.187 - - [05/Jun/2019:00:15:21 -0500] "GET / HTTP/1.1" 200 9849 "-" "Mozilla/5.0+(compatible; Cula/2.0; https://cula.io/)"
52.209.30.187 - - [05/Jun/2019:00:17:20 -0500] "GET / HTTP/1.1" 200 6924 "-" "Mozilla/5.0+(compatible; Cula/2.0; https://cula.io/)"
52.209.30.187 - - [05/Jun/2019:00:19:19 -0500] "GET / HTTP/1.1" 200 9845 "-" "Mozilla/5.0+(compatible; Cula/2.0; https://cula.io/)"
52.209.30.187 - - [05/Jun/2019:00:21:19 -0500] "GET / HTTP/1.1" 200 6924 "-" "Mozilla/5.0+(compatible; Cula/2.0; https://cula.io/)"
